// Jest Snapshot v1, https://goo.gl/fbAQLP

exports[`Visitor Component matches the snapshot 1`] = `
<li
  className="visitor"
  onClick={[Function]}
>
   
</li>
`;

exports[`Visitorcomponent Matches the snapshot 1`] = `
<li
  className="visitor"
  onClick={[Function]}
>
   
</li>
`;

exports[`Visitorcomponent matches the snapshot 1`] = `
<li
  className="visitor"
  onClick={[Function]}
>
   
</li>
`;
